============================= test session starts =============================
platform win32 -- Python 3.13.9, pytest-9.0.2, pluggy-1.6.0 -- C:\Users\lenovo\anaconda3\python.exe
cachedir: .pytest_cache
rootdir: E:\My Projects\Prep Tracker\interview-prep-agent
configfile: pyproject.toml
plugins: anyio-4.9.0, langsmith-0.4.4, asyncio-1.3.0
asyncio: mode=Mode.STRICT, debug=False, asyncio_default_fixture_loop_scope=None, asyncio_default_test_loop_scope=function
collecting ... 
ΓöÇΓöÇ 1. Import Tests ΓöÇΓöÇΓöÇΓöÇΓöÇΓöÇΓöÇΓöÇΓöÇΓöÇΓöÇΓöÇΓöÇΓöÇΓöÇΓöÇΓöÇΓöÇΓöÇΓöÇΓöÇΓöÇΓöÇΓöÇΓöÇΓöÇΓöÇΓöÇΓöÇΓöÇΓöÇΓöÇΓöÇΓöÇΓöÇΓöÇΓöÇΓöÇΓöÇΓöÇΓöÇΓöÇΓöÇ
  [92mΓ£ô[0m PrepState imports
  [92mΓ£ô[0m extract_json imports
  [92mΓ£ô[0m runner.parse_query imports
  [91mΓ£ù[0m All 5 agents import
      ΓåÆ module 'backend.src.tools' has no attribute 'web_search'

ΓöÇΓöÇ 2. PrepState Shape ΓöÇΓöÇΓöÇΓöÇΓöÇΓöÇΓöÇΓöÇΓöÇΓöÇΓöÇΓöÇΓöÇΓöÇΓöÇΓöÇΓöÇΓöÇΓöÇΓöÇΓöÇΓöÇΓöÇΓöÇΓöÇΓöÇΓöÇΓöÇΓöÇΓöÇΓöÇΓöÇΓöÇΓöÇΓöÇΓöÇΓöÇΓöÇΓöÇΓöÇ
  [92mΓ£ô[0m PrepState has all 11 required keys

ΓöÇΓöÇ 3. Parser Tests ΓöÇΓöÇΓöÇΓöÇΓöÇΓöÇΓöÇΓöÇΓöÇΓöÇΓöÇΓöÇΓöÇΓöÇΓöÇΓöÇΓöÇΓöÇΓöÇΓöÇΓöÇΓöÇΓöÇΓöÇΓöÇΓöÇΓöÇΓöÇΓöÇΓöÇΓöÇΓöÇΓöÇΓöÇΓöÇΓöÇΓöÇΓöÇΓöÇΓöÇΓöÇΓöÇΓöÇ
  [92mΓ£ô[0m Plain JSON
  [92mΓ£ô[0m Fenced ```json block
  [92mΓ£ô[0m JSON embedded in prose
  [92mΓ£ô[0m JSON array
  [92mΓ£ô[0m Raises ValueError on garbage input

ΓöÇΓöÇ 4. Query Parser Tests ΓöÇΓöÇΓöÇΓöÇΓöÇΓöÇΓöÇΓöÇΓöÇΓöÇΓöÇΓöÇΓöÇΓöÇΓöÇΓöÇΓöÇΓöÇΓöÇΓöÇΓöÇΓöÇΓöÇΓöÇΓöÇΓöÇΓöÇΓöÇΓöÇΓöÇΓöÇΓöÇΓöÇΓöÇΓöÇΓöÇΓöÇ
  [92mΓ£ô[0m Full query: company + role + days
  [92mΓ£ô[0m Missing days ΓåÆ defaults to 7
  [92mΓ£ô[0m SDE role + 14 days

ΓöÇΓöÇ 5. Graph Structure Tests ΓöÇΓöÇΓöÇΓöÇΓöÇΓöÇΓöÇΓöÇΓöÇΓöÇΓöÇΓöÇΓöÇΓöÇΓöÇΓöÇΓöÇΓöÇΓöÇΓöÇΓöÇΓöÇΓöÇΓöÇΓöÇΓöÇΓöÇΓöÇΓöÇΓöÇΓöÇΓöÇΓöÇΓöÇ
  [91mΓ£ù[0m Graph compiles without error
      ΓåÆ module 'backend.src.tools' has no attribute 'web_search'
  [91mΓ£ù[0m All 6 nodes present in graph
      ΓåÆ module 'backend.src.tools' has no attribute 'web_search'

[93mΓöÇΓöÇΓöÇΓöÇΓöÇΓöÇΓöÇΓöÇΓöÇΓöÇΓöÇΓöÇΓöÇΓöÇΓöÇΓöÇΓöÇΓöÇΓöÇΓöÇΓöÇΓöÇΓöÇΓöÇΓöÇΓöÇΓöÇΓöÇΓöÇΓöÇΓöÇΓöÇΓöÇΓöÇΓöÇΓöÇΓöÇΓöÇΓöÇΓöÇΓöÇΓöÇΓöÇΓöÇΓöÇΓöÇΓöÇΓöÇΓöÇΓöÇ[0m
[93m  12/15 tests passed[0m
[93mΓöÇΓöÇΓöÇΓöÇΓöÇΓöÇΓöÇΓöÇΓöÇΓöÇΓöÇΓöÇΓöÇΓöÇΓöÇΓöÇΓöÇΓöÇΓöÇΓöÇΓöÇΓöÇΓöÇΓöÇΓöÇΓöÇΓöÇΓöÇΓöÇΓöÇΓöÇΓöÇΓöÇΓöÇΓöÇΓöÇΓöÇΓöÇΓöÇΓöÇΓöÇΓöÇΓöÇΓöÇΓöÇΓöÇΓöÇΓöÇΓöÇΓöÇ[0m

collected 0 items
INTERNALERROR> Traceback (most recent call last):
INTERNALERROR>   File "C:\Users\lenovo\AppData\Roaming\Python\Python313\site-packages\_pytest\main.py", line 318, in wrap_session
INTERNALERROR>     session.exitstatus = doit(config, session) or 0
INTERNALERROR>                          ~~~~^^^^^^^^^^^^^^^^^
INTERNALERROR>   File "C:\Users\lenovo\AppData\Roaming\Python\Python313\site-packages\_pytest\main.py", line 371, in _main
INTERNALERROR>     config.hook.pytest_collection(session=session)
INTERNALERROR>     ~~~~~~~~~~~~~~~~~~~~~~~~~~~~~^^^^^^^^^^^^^^^^^
INTERNALERROR>   File "C:\Users\lenovo\AppData\Roaming\Python\Python313\site-packages\pluggy\_hooks.py", line 512, in __call__
INTERNALERROR>     return self._hookexec(self.name, self._hookimpls.copy(), kwargs, firstresult)
INTERNALERROR>            ~~~~~~~~~~~~~~^^^^^^^^^^^^^^^^^^^^^^^^^^^^^^^^^^^^^^^^^^^^^^^^^^^^^^^^
INTERNALERROR>   File "C:\Users\lenovo\AppData\Roaming\Python\Python313\site-packages\pluggy\_manager.py", line 120, in _hookexec
INTERNALERROR>     return self._inner_hookexec(hook_name, methods, kwargs, firstresult)
INTERNALERROR>            ~~~~~~~~~~~~~~~~~~~~^^^^^^^^^^^^^^^^^^^^^^^^^^^^^^^^^^^^^^^^^
INTERNALERROR>   File "C:\Users\lenovo\AppData\Roaming\Python\Python313\site-packages\pluggy\_callers.py", line 167, in _multicall
INTERNALERROR>     raise exception
INTERNALERROR>   File "C:\Users\lenovo\AppData\Roaming\Python\Python313\site-packages\pluggy\_callers.py", line 139, in _multicall
INTERNALERROR>     teardown.throw(exception)
INTERNALERROR>     ~~~~~~~~~~~~~~^^^^^^^^^^^
INTERNALERROR>   File "C:\Users\lenovo\AppData\Roaming\Python\Python313\site-packages\_pytest\logging.py", line 788, in pytest_collection
INTERNALERROR>     return (yield)
INTERNALERROR>             ^^^^^
INTERNALERROR>   File "C:\Users\lenovo\AppData\Roaming\Python\Python313\site-packages\pluggy\_callers.py", line 139, in _multicall
INTERNALERROR>     teardown.throw(exception)
INTERNALERROR>     ~~~~~~~~~~~~~~^^^^^^^^^^^
INTERNALERROR>   File "C:\Users\lenovo\AppData\Roaming\Python\Python313\site-packages\_pytest\warnings.py", line 98, in pytest_collection
INTERNALERROR>     return (yield)
INTERNALERROR>             ^^^^^
INTERNALERROR>   File "C:\Users\lenovo\AppData\Roaming\Python\Python313\site-packages\pluggy\_callers.py", line 139, in _multicall
INTERNALERROR>     teardown.throw(exception)
INTERNALERROR>     ~~~~~~~~~~~~~~^^^^^^^^^^^
INTERNALERROR>   File "C:\Users\lenovo\AppData\Roaming\Python\Python313\site-packages\_pytest\config\__init__.py", line 1403, in pytest_collection
INTERNALERROR>     return (yield)
INTERNALERROR>             ^^^^^
INTERNALERROR>   File "C:\Users\lenovo\AppData\Roaming\Python\Python313\site-packages\pluggy\_callers.py", line 121, in _multicall
INTERNALERROR>     res = hook_impl.function(*args)
INTERNALERROR>   File "C:\Users\lenovo\AppData\Roaming\Python\Python313\site-packages\_pytest\main.py", line 382, in pytest_collection
INTERNALERROR>     session.perform_collect()
INTERNALERROR>     ~~~~~~~~~~~~~~~~~~~~~~~^^
INTERNALERROR>   File "C:\Users\lenovo\AppData\Roaming\Python\Python313\site-packages\_pytest\main.py", line 857, in perform_collect
INTERNALERROR>     self.items.extend(self.genitems(node))
INTERNALERROR>     ~~~~~~~~~~~~~~~~~^^^^^^^^^^^^^^^^^^^^^
INTERNALERROR>   File "C:\Users\lenovo\AppData\Roaming\Python\Python313\site-packages\_pytest\main.py", line 1020, in genitems
INTERNALERROR>     rep, duplicate = self._collect_one_node(node, handle_dupes)
INTERNALERROR>                      ~~~~~~~~~~~~~~~~~~~~~~^^^^^^^^^^^^^^^^^^^^
INTERNALERROR>   File "C:\Users\lenovo\AppData\Roaming\Python\Python313\site-packages\_pytest\main.py", line 883, in _collect_one_node
INTERNALERROR>     rep = collect_one_node(node)
INTERNALERROR>   File "C:\Users\lenovo\AppData\Roaming\Python\Python313\site-packages\_pytest\runner.py", line 576, in collect_one_node
INTERNALERROR>     rep: CollectReport = ihook.pytest_make_collect_report(collector=collector)
INTERNALERROR>                          ~~~~~~~~~~~~~~~~~~~~~~~~~~~~~~~~^^^^^^^^^^^^^^^^^^^^^
INTERNALERROR>   File "C:\Users\lenovo\AppData\Roaming\Python\Python313\site-packages\pluggy\_hooks.py", line 512, in __call__
INTERNALERROR>     return self._hookexec(self.name, self._hookimpls.copy(), kwargs, firstresult)
INTERNALERROR>            ~~~~~~~~~~~~~~^^^^^^^^^^^^^^^^^^^^^^^^^^^^^^^^^^^^^^^^^^^^^^^^^^^^^^^^
INTERNALERROR>   File "C:\Users\lenovo\AppData\Roaming\Python\Python313\site-packages\pluggy\_manager.py", line 120, in _hookexec
INTERNALERROR>     return self._inner_hookexec(hook_name, methods, kwargs, firstresult)
INTERNALERROR>            ~~~~~~~~~~~~~~~~~~~~^^^^^^^^^^^^^^^^^^^^^^^^^^^^^^^^^^^^^^^^^
INTERNALERROR>   File "C:\Users\lenovo\AppData\Roaming\Python\Python313\site-packages\pluggy\_callers.py", line 167, in _multicall
INTERNALERROR>     raise exception
INTERNALERROR>   File "C:\Users\lenovo\AppData\Roaming\Python\Python313\site-packages\pluggy\_callers.py", line 139, in _multicall
INTERNALERROR>     teardown.throw(exception)
INTERNALERROR>     ~~~~~~~~~~~~~~^^^^^^^^^^^
INTERNALERROR>   File "C:\Users\lenovo\AppData\Roaming\Python\Python313\site-packages\_pytest\capture.py", line 880, in pytest_make_collect_report
INTERNALERROR>     rep = yield
INTERNALERROR>           ^^^^^
INTERNALERROR>   File "C:\Users\lenovo\AppData\Roaming\Python\Python313\site-packages\pluggy\_callers.py", line 121, in _multicall
INTERNALERROR>     res = hook_impl.function(*args)
INTERNALERROR>   File "C:\Users\lenovo\AppData\Roaming\Python\Python313\site-packages\_pytest\runner.py", line 400, in pytest_make_collect_report
INTERNALERROR>     call = CallInfo.from_call(
INTERNALERROR>         collect, "collect", reraise=(KeyboardInterrupt, SystemExit)
INTERNALERROR>     )
INTERNALERROR>   File "C:\Users\lenovo\AppData\Roaming\Python\Python313\site-packages\_pytest\runner.py", line 353, in from_call
INTERNALERROR>     result: TResult | None = func()
INTERNALERROR>                              ~~~~^^
INTERNALERROR>   File "C:\Users\lenovo\AppData\Roaming\Python\Python313\site-packages\_pytest\runner.py", line 398, in collect
INTERNALERROR>     return list(collector.collect())
INTERNALERROR>                 ~~~~~~~~~~~~~~~~~^^
INTERNALERROR>   File "C:\Users\lenovo\AppData\Roaming\Python\Python313\site-packages\_pytest\python.py", line 563, in collect
INTERNALERROR>     self._register_setup_module_fixture()
INTERNALERROR>     ~~~~~~~~~~~~~~~~~~~~~~~~~~~~~~~~~~~^^
INTERNALERROR>   File "C:\Users\lenovo\AppData\Roaming\Python\Python313\site-packages\_pytest\python.py", line 576, in _register_setup_module_fixture
INTERNALERROR>     self.obj, ("setUpModule", "setup_module")
INTERNALERROR>     ^^^^^^^^
INTERNALERROR>   File "C:\Users\lenovo\AppData\Roaming\Python\Python313\site-packages\_pytest\python.py", line 289, in obj
INTERNALERROR>     self._obj = obj = self._getobj()
INTERNALERROR>                       ~~~~~~~~~~~~^^
INTERNALERROR>   File "C:\Users\lenovo\AppData\Roaming\Python\Python313\site-packages\_pytest\python.py", line 560, in _getobj
INTERNALERROR>     return importtestmodule(self.path, self.config)
INTERNALERROR>   File "C:\Users\lenovo\AppData\Roaming\Python\Python313\site-packages\_pytest\python.py", line 507, in importtestmodule
INTERNALERROR>     mod = import_path(
INTERNALERROR>         path,
INTERNALERROR>     ...<2 lines>...
INTERNALERROR>         consider_namespace_packages=config.getini("consider_namespace_packages"),
INTERNALERROR>     )
INTERNALERROR>   File "C:\Users\lenovo\AppData\Roaming\Python\Python313\site-packages\_pytest\pathlib.py", line 587, in import_path
INTERNALERROR>     importlib.import_module(module_name)
INTERNALERROR>     ~~~~~~~~~~~~~~~~~~~~~~~^^^^^^^^^^^^^
INTERNALERROR>   File "C:\Users\lenovo\anaconda3\Lib\importlib\__init__.py", line 88, in import_module
INTERNALERROR>     return _bootstrap._gcd_import(name[level:], package, level)
INTERNALERROR>            ~~~~~~~~~~~~~~~~~~~~~~^^^^^^^^^^^^^^^^^^^^^^^^^^^^^^
uv : mainloop: caught unexpected SystemExit!
At line:1 char:1
+ uv run pytest test_backend.py -v > pytest_output.txt 2>&1
+ ~~~~~~~~~~~~~~~~~~~~~~~~~~~~~~~~~~~~~~~~~~~~~~~~~~~~~~~~~
    + CategoryInfo          : NotSpecified: (mainloop: caught unexpected SystemExit!:String) [], RemoteEx 
   ception
    + FullyQualifiedErrorId : NativeCommandError
 
INTERNALERROR>   File "<frozen importlib._bootstrap>", line 1387, in _gcd_import
INTERNALERROR>   File "<frozen importlib._bootstrap>", line 1360, in _find_and_load
INTERNALERROR>   File "<frozen importlib._bootstrap>", line 1331, in _find_and_load_unlocked
INTERNALERROR>   File "<frozen importlib._bootstrap>", line 935, in _load_unlocked
INTERNALERROR>   File "C:\Users\lenovo\AppData\Roaming\Python\Python313\site-packages\_pytest\assertion\rewrite.py", line 197, in exec_module
INTERNALERROR>     exec(co, module.__dict__)
INTERNALERROR>     ~~~~^^^^^^^^^^^^^^^^^^^^^
INTERNALERROR>   File "E:\My Projects\Prep Tracker\interview-prep-agent\test_backend.py", line 193, in <module>
INTERNALERROR>     sys.exit(1)
INTERNALERROR>     ~~~~~~~~^^^
INTERNALERROR> SystemExit: 1

============================ no tests ran in 0.74s ============================
